// Jest Snapshot v1, https://goo.gl/fbAQLP

exports[`FretonatorComponent should create 1`] = `FretonatorComponentSpec {}`;
