// Jest Snapshot v1, https://goo.gl/fbAQLP

exports[`ContactIndexComponent should create 1`] = `ContactIndexComponentSpec {}`;
