// Jest Snapshot v1, https://goo.gl/fbAQLP

exports[`LearnIndexComponent should create 1`] = `LearnIndexComponentSpec {}`;
