// Jest Snapshot v1, https://goo.gl/fbAQLP

exports[`PatternsIndexComponent should create 1`] = `PatternsIndexComponentSpec {}`;
