// Jest Snapshot v1, https://goo.gl/fbAQLP

exports[`ContactSuccessComponent should create 1`] = `ContactSuccessComponentSpec {}`;
